Configuration on demand is an incubating feature.
Type-safe project accessors is an incubating feature.
> Task :shared:checkKotlinGradlePluginConfigurationErrors SKIPPED
> Task :shared:generateCommonMainBeatRunnerDatabaseInterface NO-SOURCE
> Task :shared:preBuild UP-TO-DATE
> Task :shared:preDebugBuild UP-TO-DATE
> Task :shared:generateDebugResValues UP-TO-DATE
> Task :shared:generateDebugResources UP-TO-DATE
> Task :shared:packageDebugResources UP-TO-DATE
> Task :shared:parseDebugLocalResources UP-TO-DATE
> Task :shared:generateDebugRFile UP-TO-DATE

> Task :shared:compileDebugKotlinAndroid FAILED
e: file:///Users/suechangwong/Documents/workspace/BeatsRunner/BeatsRunner-app/shared/src/commonMain/kotlin/com/beatrunner/domain/bluetooth/KableFtmsManager.kt:162:26 None of the following candidates is applicable:
fun Peripheral(advertisement: Advertisement, builderAction: PeripheralBuilder.() -> Unit = ...): Peripheral
fun Peripheral(scanResult: ScanResult, builderAction: PeripheralBuilder.() -> Unit): Peripheral
fun Peripheral(identifier: String, builderAction: PeripheralBuilder.() -> Unit = ...): Peripheral
fun Peripheral(bluetoothDevice: BluetoothDevice, builderAction: PeripheralBuilder.() -> Unit = ...): Peripheral
e: file:///Users/suechangwong/Documents/workspace/BeatsRunner/BeatsRunner-app/shared/src/commonMain/kotlin/com/beatrunner/domain/bluetooth/KableFtmsManager.kt:163:17 Unresolved reference 'identifier'.

[Incubating] Problems report is available at: file:///Users/suechangwong/Documents/workspace/BeatsRunner/BeatsRunner-app/build/reports/problems/problems-report.html

FAILURE: Build failed with an exception.

* What went wrong:
Execution failed for task ':shared:compileDebugKotlinAndroid'.
> A failure occurred while executing org.jetbrains.kotlin.compilerRunner.GradleCompilerRunnerWithWorkers$GradleKotlinCompilerWorkAction
   > Compilation error. See log for more details

* Try:
> Run with --stacktrace option to get the stack trace.
> Run with --info or --debug option to get more log output.
> Run with --scan to get full insights.
> Get more help at https://help.gradle.org.

Deprecated Gradle features were used in this build, making it incompatible with Gradle 9.0.

You can use '--warning-mode all' to show the individual deprecation warnings and determine if they come from your own scripts or plugins.

For more on this, please refer to https://docs.gradle.org/8.14/userguide/command_line_interface.html#sec:command_line_warnings in the Gradle documentation.

BUILD FAILED in 2s
6 actionable tasks: 1 executed, 5 up-to-date
